[2026-05-05 01:45:54] Watchdog basladi.
[2026-05-05 01:45:56] Health check basarisiz: Uzak sunucuya bağlanılamıyor
[2026-05-05 01:45:56] Model B servisleri baslatiliyor.
[2026-05-05 01:46:00] active
[2026-05-05 01:46:00] active
[2026-05-05 01:46:22] Watchdog basladi.
[2026-05-05 01:46:24] Health check basarisiz: Uzak sunucuya bağlanılamıyor
[2026-05-05 01:46:24] Model B servisleri baslatiliyor.
[2026-05-05 01:46:27] active
[2026-05-05 01:46:27] active
[2026-05-05 01:46:41] Watchdog basladi.
[2026-05-05 01:48:05] Watchdog basladi.
[2026-05-05 01:48:26] Watchdog basladi.
[2026-05-05 01:48:26] Model B servisleri baslatiliyor.
[2026-05-05 01:48:26] active
[2026-05-05 01:48:26] active
[2026-05-05 01:48:54] Watchdog basladi.
[2026-05-05 01:48:54] Model B servisleri baslatiliyor.
[2026-05-05 01:48:54] active
[2026-05-05 01:48:54] active
[2026-05-05 01:49:27] Watchdog basladi.
[2026-05-05 01:49:27] Model B servisleri baslatiliyor.
[2026-05-05 01:49:27] active
[2026-05-05 01:49:27] active
[2026-05-05 18:25:23] Health check basarisiz: The operation has timed out.
[2026-05-05 18:25:25] Model B servisleri baslatiliyor.
[2026-05-05 18:25:32] active
[2026-05-05 18:25:32] active
